Warning[w29]: Parts of segment DATA16_N are initialized (as in module main), even though it is of type DATA (and thus not promable)
################################################################################
#                                                                              #
#      IAR Universal Linker V6.3.4.78                                          #
#                                                                              #
#           Link time     =  04/Dec/2015  16:03:17                             #
#           Target CPU    =  MSP430                                            #
#           List file     =  E:\repos\msp430-songwriter-dev\Debug\List\songwri #
#                            ter.map                                           #
#           Output file 1 =  E:\repos\msp430-songwriter-dev\Debug\Exe\songwrit #
#                            er.d43                                            #
#                            Format: ubrof10                                   #
#                            UBROF version 10.0.6                              #
#                            Using library modules for C-SPY (-rt)             #
#           Command line  =  E:\repos\msp430-songwriter-dev\Debug\Obj\asm.r43  #
#                            -o                                                #
#                            E:\repos\msp430-songwriter-dev\Debug\Exe\songwrit #
#                            er.d43                                            #
#                            -l                                                #
#                            E:\repos\msp430-songwriter-dev\Debug\List\songwri #
#                            ter.map                                           #
#                            -xms                                              #
#                            "-IC:\Program Files (x86)\IAR Systems\Embedded Wo #
#                            rkbench 7.3\430\LIB\"                             #
#                            -f                                                #
#                            "C:\Program Files (x86)\IAR Systems\Embedded Work #
#                            bench 7.3\430\config\linker\lnk430g2553.xcl"      #
#                            (-cmsp430 -QCODE_I=CODE_ID -QTLS16_I=TLS16_ID     #
#                            -Z(CONST)INFO=1000-10FF                           #
#                            -Z(CONST)INFOA=10C0-10FF                          #
#                            -Z(CONST)INFOB=1080-10BF                          #
#                            -Z(CONST)INFOC=1040-107F                          #
#                            -Z(CONST)INFOD=1000-103F                          #
#                            -Z(DATA)DATA16_I,DATA16_Z,DATA16_N,TLS16_I=0200-0 #
#                            3FF                                               #
#                            -Z(DATA)DATA16_HEAP+_DATA16_HEAP_SIZE             #
#                            -Z(DATA)CODE_I -Z(DATA)CSTACK+_STACK_SIZE#        #
#                            -Z(CONST)DATA16_C,DATA16_ID,TLS16_ID,DIFUNCT,CHEC #
#                            KSUM=C000-FFDD                                    #
#                            -Z(CODE)CSTART,ISR_CODE,CODE_ID=C000-FFDD         #
#                            -P(CODE)CODE=C000-FFDD                            #
#                            -Z(CONST)SIGNATURE=FFDE-FFDF                      #
#                            -Z(CODE)INTVEC=FFE0-FFFF                          #
#                            -Z(CODE)RESET=FFFE-FFFF) -D_STACK_SIZE=50 -rt     #
#                            -D_DATA16_HEAP_SIZE=50 -D_DATA20_HEAP_SIZE=50     #
#                                                                              #
#                           Copyright (C) 1987-2015 IAR Systems AB.            #
################################################################################





                ****************************************
                *                                      *
                *           CROSS REFERENCE            *
                *                                      *
                ****************************************

                  There are no program entries.


                ****************************************
                *                                      *
                *    AUTOMATIC SYMBOL REDIRECTIONS     *
                *                                      *
                ****************************************

                  There are no automatic symbol redirections.



                ****************************************
                *                                      *
                *              MODULE MAP              *
                *                                      *
                ****************************************


  DEFINED ABSOLUTE ENTRIES
    *************************************************************************

  DEFINED ABSOLUTE ENTRIES
  PROGRAM MODULE, NAME : ?ABS_ENTRY_MOD

Absolute parts
           ENTRY                   ADDRESS         REF BY
           =====                   =======         ======
           _DATA20_HEAP_SIZE       0050 
           _DATA16_HEAP_SIZE       0050 
           _STACK_SIZE             0050 
    *************************************************************************

  FILE NAME : E:\repos\msp430-songwriter-dev\Debug\Obj\asm.r43
  PROGRAM MODULE, NAME : main

Absolute parts
     FFFE - FFFF
           LOCAL                   ADDRESS         
           =====                   =======         
           __MSP430G2203__         0000 
  SEGMENTS IN THE MODULE
  ======================
CSTACK
  Relative segment, address: 03B0, align: 1
  Segment part 0. ROOT 
    -------------------------------------------------------------------------
DATA16_HEAP
  Relative segment, address: 022C, align: 1
  Segment part 1. ROOT 
    -------------------------------------------------------------------------
DATA16_N
  Relative segment, address: 0200 - 022B (0x2c bytes), align: 1
  Segment part 2. ROOT        Intra module refs:   main
           LOCAL                   ADDRESS         
           =====                   =======         
           standby                 0200 
           playback                0202 
           record                  0204 
           note_c                  0206 
           note_d                  0208 
           note_e                  020A 
           note_f                  020C 
           note_g                  020E 
           note_a                  0210 
           note_b                  0212 
           encoding_c              0214 
           encoding_d              0216 
           encoding_e              0218 
           encoding_f              021A 
           encoding_g              021C 
           encoding_a              021E 
           encoding_b              0220 
           switch_up               0222 
           switch_down             0224 
           switch_right            0226 
           switch_left             0228 
           switch_center           022A 
    -------------------------------------------------------------------------
<CODE> 1 (was CODE)
  Relative segment, address: C000 - C131 (0x132 bytes), align: 1
  Segment part 3. ROOT        Intra module refs:   Absolute parts
                                                   Segment part 4
           ENTRY                   ADDRESS         REF BY
           =====                   =======         ======
           main                    C058 
           LOCAL                   ADDRESS         
           =====                   =======         
           init                    C000 
           P2_ISR                  C05C 
           BuildNote               C066 
           KeyPressed_begin        C072 
           Key_C_end               C07E 
           Key_C                   C078 
           KeyPressed_end          C0C6 
           Key_D_end               C08A 
           Key_D                   C084 
           Key_E_end               C096 
           Key_E                   C090 
           Key_F_end               C0A2 
           Key_F                   C09C 
           Key_G_end               C0AE 
           Key_G                   C0A8 
           Key_A_end               C0BA 
           Key_A                   C0B4 
           Key_B_end               C0C6 
           Key_B                   C0C6 
           PitchShift              C0C6 
           Direction_end           C0E2 
           Direction_begin         C0D4 
           Up_end                  C0DA 
           Up_begin                C0D8 
           Down_end                C0E2 
           Down_Begin              C0E0 
           P1_ISR                  C0E6 
           DirectionSwitch_begin   C0E6 
           Left_end                C10C 
           Left                    C0F4 
           DirectionSwitch_end     C12A 
           Right_end               C12A 
           Right                   C112 
    -------------------------------------------------------------------------
INTVEC
  Common segment, address: FFE0 - FFE7 (0x8 bytes), align: 1
  Segment part 4. ROOT 




                ****************************************
                *                                      *
                *      SEGMENTS IN ADDRESS ORDER       *
                *                                      *
                ****************************************


SEGMENT              SPACE    START ADDRESS   END ADDRESS     SIZE  TYPE  ALIGN
=======              =====    =============   ===========     ====  ====  =====
DATA16_Z                                  0200                       dse    0
DATA16_I                                  0200                       dse    0
DATA16_N                               0200 - 022B              2C   rel    1
DATA16_HEAP                            022C - 027B              50   rel    1
CSTACK                                 03B0 - 03FF              50   rel    1
<CODE> 1                               C000 - C131             132   rel    1
INTVEC                                 FFE0 - FFE7               8   com    1
                                       FFFE - FFFF               2  aseg  

                ****************************************
                *                                      *
                *        END OF CROSS REFERENCE        *
                *                                      *
                ****************************************

 314 bytes of CODE memory (+ 2 absolute )
 204 bytes of DATA memory

Errors: none
Warnings: 1

